{
  "version": "1.5.0",
  "plugins_used": [
    {
      "name": "ArtifactoryDetector"
    },
    {
      "name": "AWSKeyDetector"
    },
    {
      "name": "AzureStorageKeyDetector"
    },
    {
      "name": "Base64HighEntropyString",
      "limit": 4.5
    },
    {
      "name": "BasicAuthDetector"
    },
    {
      "name": "CloudantDetector"
    },
    {
      "name": "DiscordBotTokenDetector"
    },
    {
      "name": "GitHubTokenDetector"
    },
    {
      "name": "GitLabTokenDetector"
    },
    {
      "name": "HexHighEntropyString",
      "limit": 3
    },
    {
      "name": "IbmCloudIamDetector"
    },
    {
      "name": "IbmCosHmacDetector"
    },
    {
      "name": "IPPublicDetector"
    },
    {
      "name": "JwtTokenDetector"
    },
    {
      "name": "KeywordDetector",
      "keyword_exclude": ""
    },
    {
      "name": "MailchimpDetector"
    },
    {
      "name": "NpmDetector"
    },
    {
      "name": "OpenAIDetector"
    },
    {
      "name": "PrivateKeyDetector"
    },
    {
      "name": "PypiTokenDetector"
    },
    {
      "name": "SendGridDetector"
    },
    {
      "name": "SlackDetector"
    },
    {
      "name": "SoftlayerDetector"
    },
    {
      "name": "SquareOAuthDetector"
    },
    {
      "name": "StripeDetector"
    },
    {
      "name": "TelegramBotTokenDetector"
    },
    {
      "name": "TwilioKeyDetector"
    }
  ],
  "filters_used": [
    {
      "path": "detect_secrets.filters.allowlist.is_line_allowlisted"
    },
    {
      "path": "detect_secrets.filters.common.is_baseline_file",
      "filename": ".secrets.baseline"
    },
    {
      "path": "detect_secrets.filters.heuristic.is_indirect_reference"
    },
    {
      "path": "detect_secrets.filters.heuristic.is_likely_id_string"
    },
    {
      "path": "detect_secrets.filters.heuristic.is_lock_file"
    },
    {
      "path": "detect_secrets.filters.heuristic.is_not_alphanumeric_string"
    },
    {
      "path": "detect_secrets.filters.heuristic.is_potential_uuid"
    },
    {
      "path": "detect_secrets.filters.heuristic.is_prefixed_with_dollar_sign"
    },
    {
      "path": "detect_secrets.filters.heuristic.is_sequential_string"
    },
    {
      "path": "detect_secrets.filters.heuristic.is_swagger_file"
    },
    {
      "path": "detect_secrets.filters.heuristic.is_templated_secret"
    },
    {
      "path": "detect_secrets.filters.regex.should_exclude_file",
      "pattern": [
        "^\\.(bandit-baseline\\.json|secrets\\.baseline)$"
      ]
    }
  ],
  "results": {
    "app\\api_keys.py": [
      {
        "type": "Secret Keyword",
        "filename": "app\\api_keys.py",
        "hashed_secret": "0cc7732a32d99f99ca4c9e622f225a730fe0319d",
        "is_verified": false,
        "line_number": 13,
        "is_secret": false
      },
      {
        "type": "Secret Keyword",
        "filename": "app\\api_keys.py",
        "hashed_secret": "1fdf1751529f10cf60bab150dafb6f41473f9eb0",
        "is_verified": false,
        "line_number": 47,
        "is_secret": false
      }
    ],
    "app\\security.py": [
      {
        "type": "Secret Keyword",
        "filename": "app\\security.py",
        "hashed_secret": "b3c0b45d352e5c4e8a06046efdc312d6967bea20",
        "is_verified": false,
        "line_number": 16,
        "is_secret": false
      }
    ],
    "app\\webhooks.py": [
      {
        "type": "Secret Keyword",
        "filename": "app\\webhooks.py",
        "hashed_secret": "f18626679d250b75841bbc5c0a1c3f83dc0e8856",
        "is_verified": false,
        "line_number": 28,
        "is_secret": false
      },
      {
        "type": "Secret Keyword",
        "filename": "app\\webhooks.py",
        "hashed_secret": "ab5f5a2ae5fc9b74a0a925ab4f74080921a29b43",
        "is_verified": false,
        "line_number": 29,
        "is_secret": false
      },
      {
        "type": "Secret Keyword",
        "filename": "app\\webhooks.py",
        "hashed_secret": "159500287c06851df741128ec4b073ea394414b6",
        "is_verified": false,
        "line_number": 55,
        "is_secret": false
      }
    ],
    "docs\\sdk-python.md": [
      {
        "type": "Secret Keyword",
        "filename": "docs\\sdk-python.md",
        "hashed_secret": "943ead1c693bb5dfcdb5342f533476efb8165635",
        "is_verified": false,
        "line_number": 28,
        "is_secret": false
      }
    ],
    "sdk\\python\\README.md": [
      {
        "type": "Secret Keyword",
        "filename": "sdk\\python\\README.md",
        "hashed_secret": "09dc3a50639a3e824aaaa3a7fb7276c2a5a9a189",
        "is_verified": false,
        "line_number": 19,
        "is_secret": false
      }
    ],
    "tests\\test_api.py": [
      {
        "type": "Secret Keyword",
        "filename": "tests\\test_api.py",
        "hashed_secret": "6515f4f33fdc922929b06697de3674e15fb3d55f",
        "is_verified": false,
        "line_number": 31,
        "is_secret": false
      }
    ],
    "tests\\test_api_keys.py": [
      {
        "type": "Secret Keyword",
        "filename": "tests\\test_api_keys.py",
        "hashed_secret": "5b224b72e4a31868b4c13643f5f7ac2fabf3125b",
        "is_verified": false,
        "line_number": 29,
        "is_secret": false
      },
      {
        "type": "Secret Keyword",
        "filename": "tests\\test_api_keys.py",
        "hashed_secret": "759b37dbbd7ddd0f8026d6a60ee5f591841bda5e",
        "is_verified": false,
        "line_number": 122,
        "is_secret": false
      }
    ],
    "tests\\test_audit_api.py": [
      {
        "type": "Secret Keyword",
        "filename": "tests\\test_audit_api.py",
        "hashed_secret": "6515f4f33fdc922929b06697de3674e15fb3d55f",
        "is_verified": false,
        "line_number": 16,
        "is_secret": false
      }
    ],
    "tests\\test_evidence_api.py": [
      {
        "type": "Secret Keyword",
        "filename": "tests\\test_evidence_api.py",
        "hashed_secret": "bf3e3b35e38505ef19c08fc6d2bf88bfeeb0ee70",
        "is_verified": false,
        "line_number": 25,
        "is_secret": false
      }
    ],
    "tests\\test_execution_grant_api.py": [
      {
        "type": "Secret Keyword",
        "filename": "tests\\test_execution_grant_api.py",
        "hashed_secret": "adb1517140d6e0a00761576df7afb95a8227bfab",
        "is_verified": false,
        "line_number": 34,
        "is_secret": false
      },
      {
        "type": "Secret Keyword",
        "filename": "tests\\test_execution_grant_api.py",
        "hashed_secret": "5fb322255438ac33b73b88db693e0a3120ac32fb",
        "is_verified": false,
        "line_number": 35,
        "is_secret": false
      }
    ],
    "tests\\test_execution_grant_store.py": [
      {
        "type": "Secret Keyword",
        "filename": "tests\\test_execution_grant_store.py",
        "hashed_secret": "77c9bbb54d451bdc772a4af79497f4a02f7f301b",
        "is_verified": false,
        "line_number": 28,
        "is_secret": false
      }
    ],
    "tests\\test_execution_grants.py": [
      {
        "type": "Secret Keyword",
        "filename": "tests\\test_execution_grants.py",
        "hashed_secret": "f833fcd95ac74b9bef395ab0bc9752172b2339c2",
        "is_verified": false,
        "line_number": 14,
        "is_secret": false
      }
    ],
    "tests\\test_integrity_api.py": [
      {
        "type": "Secret Keyword",
        "filename": "tests\\test_integrity_api.py",
        "hashed_secret": "6515f4f33fdc922929b06697de3674e15fb3d55f",
        "is_verified": false,
        "line_number": 19,
        "is_secret": false
      }
    ],
    "tests\\test_observability.py": [
      {
        "type": "Secret Keyword",
        "filename": "tests\\test_observability.py",
        "hashed_secret": "01bc711fa8c8ac4ba7eab82879a317b0368231ff",
        "is_verified": false,
        "line_number": 85,
        "is_secret": false
      }
    ],
    "tests\\test_policy_history_api.py": [
      {
        "type": "Secret Keyword",
        "filename": "tests\\test_policy_history_api.py",
        "hashed_secret": "6515f4f33fdc922929b06697de3674e15fb3d55f",
        "is_verified": false,
        "line_number": 16,
        "is_secret": false
      }
    ],
    "tests\\test_production_api_keys.py": [
      {
        "type": "Secret Keyword",
        "filename": "tests\\test_production_api_keys.py",
        "hashed_secret": "254ed7b8d9dc8888efb96c4294ac6b36573b91ff",
        "is_verified": false,
        "line_number": 141,
        "is_secret": false
      }
    ],
    "tests\\test_project_lifecycle_api.py": [
      {
        "type": "Secret Keyword",
        "filename": "tests\\test_project_lifecycle_api.py",
        "hashed_secret": "6515f4f33fdc922929b06697de3674e15fb3d55f",
        "is_verified": false,
        "line_number": 16,
        "is_secret": false
      }
    ],
    "tests\\test_project_policy_api.py": [
      {
        "type": "Secret Keyword",
        "filename": "tests\\test_project_policy_api.py",
        "hashed_secret": "6515f4f33fdc922929b06697de3674e15fb3d55f",
        "is_verified": false,
        "line_number": 17,
        "is_secret": false
      }
    ],
    "tests\\test_python_sdk.py": [
      {
        "type": "Secret Keyword",
        "filename": "tests\\test_python_sdk.py",
        "hashed_secret": "fde48b3eb899bdd2e9af92e312e82c0a5d1c2617",
        "is_verified": false,
        "line_number": 68,
        "is_secret": false
      },
      {
        "type": "Secret Keyword",
        "filename": "tests\\test_python_sdk.py",
        "hashed_secret": "e05907fb9f387cc474f2423fe382b522dc05a579",
        "is_verified": false,
        "line_number": 528,
        "is_secret": false
      }
    ],
    "tests\\test_python_sdk_integration.py": [
      {
        "type": "Secret Keyword",
        "filename": "tests\\test_python_sdk_integration.py",
        "hashed_secret": "48c043a97556091ce5767295548ebe5025e72c67",
        "is_verified": false,
        "line_number": 38,
        "is_secret": false
      },
      {
        "type": "Secret Keyword",
        "filename": "tests\\test_python_sdk_integration.py",
        "hashed_secret": "92550a3ecde7d1158c33b9e1bbdb3f95965d6fe5",
        "is_verified": false,
        "line_number": 349,
        "is_secret": false
      }
    ],
    "tests\\test_rate_limit.py": [
      {
        "type": "Secret Keyword",
        "filename": "tests\\test_rate_limit.py",
        "hashed_secret": "ea7289c56e5b808901892da8cd09961545afd255",
        "is_verified": false,
        "line_number": 136,
        "is_secret": false
      }
    ],
    "tests\\test_runtime_config.py": [
      {
        "type": "Secret Keyword",
        "filename": "tests\\test_runtime_config.py",
        "hashed_secret": "5d70fcdcfeacc1e954f8fd84175361e0b7e855c3",
        "is_verified": false,
        "line_number": 165,
        "is_secret": false
      },
      {
        "type": "Secret Keyword",
        "filename": "tests\\test_runtime_config.py",
        "hashed_secret": "3b1ae4360d4f2e3582b6b87595fbebc0315764a6",
        "is_verified": false,
        "line_number": 179,
        "is_secret": false
      },
      {
        "type": "Secret Keyword",
        "filename": "tests\\test_runtime_config.py",
        "hashed_secret": "a0f4ea7d91495df92bbac2e2149dfb850fe81396",
        "is_verified": false,
        "line_number": 260,
        "is_secret": false
      }
    ],
    "tests\\test_security.py": [
      {
        "type": "Secret Keyword",
        "filename": "tests\\test_security.py",
        "hashed_secret": "0896af6ad46a9f56b1b43c614dcaf9f9c959a4f2",
        "is_verified": false,
        "line_number": 31,
        "is_secret": false
      },
      {
        "type": "Secret Keyword",
        "filename": "tests\\test_security.py",
        "hashed_secret": "c9546fb95da02d2b47fb69eb793f26595ef0e84e",
        "is_verified": false,
        "line_number": 82,
        "is_secret": false
      },
      {
        "type": "Secret Keyword",
        "filename": "tests\\test_security.py",
        "hashed_secret": "6421dfe5510d328b2b2f39dd2d4c302da2980f8e",
        "is_verified": false,
        "line_number": 111,
        "is_secret": false
      },
      {
        "type": "Secret Keyword",
        "filename": "tests\\test_security.py",
        "hashed_secret": "c6e077980c1cede3163dc5b6c84e61a97961f918",
        "is_verified": false,
        "line_number": 161,
        "is_secret": false
      }
    ],
    "tests\\test_webhook_api.py": [
      {
        "type": "Secret Keyword",
        "filename": "tests\\test_webhook_api.py",
        "hashed_secret": "6515f4f33fdc922929b06697de3674e15fb3d55f",
        "is_verified": false,
        "line_number": 24,
        "is_secret": false
      },
      {
        "type": "Secret Keyword",
        "filename": "tests\\test_webhook_api.py",
        "hashed_secret": "799202dc3ff7b8c12e524f381bf17c13b0694d7e",
        "is_verified": false,
        "line_number": 25,
        "is_secret": false
      }
    ],
    "tests\\test_webhook_delivery.py": [
      {
        "type": "Secret Keyword",
        "filename": "tests\\test_webhook_delivery.py",
        "hashed_secret": "16a3363c6ecae639192d88903c628e43bc1675d6",
        "is_verified": false,
        "line_number": 21,
        "is_secret": false
      }
    ],
    "tests\\test_webhooks.py": [
      {
        "type": "Basic Auth Credentials",
        "filename": "tests\\test_webhooks.py",
        "hashed_secret": "5baa61e4c9b93f3f0682250b6cf8331b7ee68fd8",
        "is_verified": false,
        "line_number": 60,
        "is_secret": false
      }
    ]
  },
  "generated_at": "2026-09-04T15:26:45Z"
}
